\BOOKMARK [1][-]{section.1}{\376\377\004\046\004\065\004\073\004\114\000\040\004\100\004\060\004\061\004\076\004\102\004\113}{}% 1
\BOOKMARK [1][-]{section.2}{\376\377\004\042\004\065\004\105\004\075\004\070\004\107\004\065\004\101\004\072\004\076\004\065\000\040\004\067\004\060\004\064\004\060\004\075\004\070\004\065}{}% 2
\BOOKMARK [1][-]{section.3}{\376\377\004\037\004\076\004\100\004\117\004\064\004\076\004\072\000\040\004\062\004\113\004\077\004\076\004\073\004\075\004\065\004\075\004\070\004\117\000\040\004\100\004\060\004\061\004\076\004\102\004\113}{}% 3
\BOOKMARK [1][-]{section.4}{\376\377\004\037\004\076\004\064\004\072\004\073\004\116\004\107\004\065\004\075\004\070\004\065\000\040\004\072\000\040\000J\000V\000M\000\040\004\064\004\073\004\117\000\040\004\074\004\076\004\075\004\070\004\102\004\076\004\100\004\070\004\075\004\063\004\060}{}% 4
\BOOKMARK [1][-]{section.5}{\376\377\004\030\004\101\004\105\004\076\004\064\004\075\004\113\004\071\000\040\004\072\004\076\004\064\000\040\004\100\004\060\004\067\004\100\004\060\004\061\004\076\004\102\004\060\004\075\004\075\004\113\004\105\000\040\000M\000B\000e\000a\000n\000-\004\072\004\073\004\060\004\101\004\101\004\076\004\062}{}% 5
\BOOKMARK [2][-]{subsection.5.1}{\376\377\000M\000o\000n\000i\000t\000o\000r\000i\000n\000g\000S\000t\000a\000t\000e}{section.5}% 6
\BOOKMARK [2][-]{subsection.5.2}{\376\377\000P\000o\000i\000n\000t\000S\000t\000a\000t\000i\000s\000t\000i\000c\000s\000M\000B\000e\000a\000n\000\040\004\070\000\040\000P\000o\000i\000n\000t\000S\000t\000a\000t\000i\000s\000t\000i\000c\000s}{section.5}% 7
\BOOKMARK [2][-]{subsection.5.3}{\376\377\000A\000r\000e\000a\000M\000B\000e\000a\000n\000\040\004\070\000\040\000A\000r\000e\000a}{section.5}% 8
\BOOKMARK [2][-]{subsection.5.4}{\376\377\004\040\004\065\004\063\004\070\004\101\004\102\004\100\004\060\004\106\004\070\004\117\000\040\000M\000B\000e\000a\000n}{section.5}% 9
\BOOKMARK [2][-]{subsection.5.5}{\376\377\004\030\004\075\004\102\004\065\004\063\004\100\004\060\004\106\004\070\004\117\000\040\004\101\000\040\004\076\004\101\004\075\004\076\004\062\004\075\004\113\004\074\000\040\004\077\004\100\004\070\004\073\004\076\004\066\004\065\004\075\004\070\004\065\004\074}{section.5}% 10
\BOOKMARK [1][-]{section.6}{\376\377\004\040\004\060\004\101\004\107\004\121\004\102\000\040\004\077\004\073\004\076\004\111\004\060\004\064\004\070\000\040\004\076\004\061\004\073\004\060\004\101\004\102\004\070}{}% 11
\BOOKMARK [1][-]{section.7}{\376\377\004\034\004\076\004\075\004\070\004\102\004\076\004\100\004\070\004\075\004\063\000\040\004\077\004\100\004\070\004\073\004\076\004\066\004\065\004\075\004\070\004\117\000\040\004\062\000\040\000J\000C\000o\000n\000s\000o\000l\000e}{}% 12
\BOOKMARK [2][-]{subsection.7.1}{\376\377\004\040\004\065\004\063\004\070\004\101\004\102\004\100\004\060\004\106\004\070\004\117\000\040\004\070\000\040\004\060\004\102\004\100\004\070\004\061\004\103\004\102\004\113\000\040\000M\000B\000e\000a\000n}{section.7}% 13
\BOOKMARK [2][-]{subsection.7.2}{\376\377\004\037\004\100\004\076\004\062\004\065\004\100\004\072\004\060\000\040\000J\000M\000X\000-\004\103\004\062\004\065\004\064\004\076\004\074\004\073\004\065\004\075\004\070\004\117}{section.7}% 14
\BOOKMARK [2][-]{subsection.7.3}{\376\377\004\022\004\100\004\065\004\074\004\117\000\040\004\100\004\060\004\061\004\076\004\102\004\113\000\040\004\062\004\070\004\100\004\102\004\103\004\060\004\073\004\114\004\075\004\076\004\071\000\040\004\074\004\060\004\110\004\070\004\075\004\113}{section.7}% 15
\BOOKMARK [1][-]{section.8}{\376\377\004\034\004\076\004\075\004\070\004\102\004\076\004\100\004\070\004\075\004\063\000\040\004\070\000\040\004\077\004\100\004\076\004\104\004\070\004\073\004\070\004\100\004\076\004\062\004\060\004\075\004\070\004\065\000\040\004\062\000\040\000V\000i\000s\000u\000a\000l\000V\000M}{}% 16
\BOOKMARK [1][-]{section.9}{\376\377\004\033\004\076\004\072\004\060\004\073\004\070\004\067\004\060\004\106\004\070\004\117\000\040\004\070\000\040\004\103\004\101\004\102\004\100\004\060\004\075\004\065\004\075\004\070\004\065\000\040\004\077\004\100\004\076\004\061\004\073\004\065\004\074\004\113}{}% 17
\BOOKMARK [2][-]{subsection.9.1}{\376\377\004\020\004\073\004\063\004\076\004\100\004\070\004\102\004\074\000\040\004\073\004\076\004\072\004\060\004\073\004\070\004\067\004\060\004\106\004\070\004\070}{section.9}% 18
\BOOKMARK [1][-]{section.10}{\376\377\004\037\004\100\004\076\004\062\004\065\004\100\004\072\004\060\000\040\004\101\004\061\004\076\004\100\004\072\004\070\000\040\004\070\000\040\004\100\004\060\004\061\004\076\004\102\004\076\004\101\004\077\004\076\004\101\004\076\004\061\004\075\004\076\004\101\004\102\004\070}{}% 19
\BOOKMARK [1][-]{section.11}{\376\377\004\022\004\113\004\062\004\076\004\064}{}% 20
